test
+- run test 2 pass, 1 fail (3 total)
error: 'Runner_test.test.compatibility deprecation resolves escaped member identity' failed:
       preflight: test seed 861352072 (reproduce with PREFLIGHT_TEST_SEED=861352072)
       expected 1, found 0
       Runner_test.test.compatibility deprecation resolves escaped member identity: TestExpectedEqual; seed 861352072
       /Users/gusto/.local/zig/0.17.0/lib/std/testing.zig:93:17: 0x10087d927 in expectEqualInner__func_1181 (test)
                       return error.TestExpectedEqual;
                       ^
       /Users/gusto/.local/zig/0.17.0/lib/std/testing.zig:57:5: 0x10087dc63 in expectEqual (test)
           return expectEqualInner(T, expected, actual);
           ^
       /Users/gusto/work/tycho/.wt/glint-g1/src/Runner_test.zig:12:5: 0x10087dceb in check (test)
           try std.testing.expectEqual(expected, report.diagnostics.len);
           ^
       /Users/gusto/work/tycho/.wt/glint-g1/src/Runner_test.zig:199:5: 0x10087de1f in test.compatibility deprecation resolves escaped member identity (test)
           try check(.Z011, "const S = struct {\n /// Deprecated: use fresh.\n pub fn @\"old name\"() void {} }; pub fn run() void { S.@\"old name\"(); }", 1);
           ^
failed command: ./.zig-cache/o/f958d30ba000a04923e5dce94f8f9964/test --cache-dir=./.zig-cache --seed=0x33573088 --listen=-

Build Summary: 5/7 steps succeeded (1 failed); 2/3 tests passed (1 failed)
test transitive failure
+- run test 2 pass, 1 fail (3 total)

