test
+- run test 2 pass, 1 fail (3 total)
error: 'Runner_test.test.compatibility function-pointer parameter labels cannot shadow fields or imports' failed:
       preflight: test seed 4239816234 (reproduce with PREFLIGHT_TEST_SEED=4239816234)
       expected 0, found 1
       Runner_test.test.compatibility function-pointer parameter labels cannot shadow fields or imports: TestExpectedEqual; seed 4239816234
       /Users/gusto/.local/zig/0.17.0/lib/std/testing.zig:93:17: 0x102811927 in expectEqualInner__func_1181 (test)
                       return error.TestExpectedEqual;
                       ^
       /Users/gusto/.local/zig/0.17.0/lib/std/testing.zig:57:5: 0x102811c63 in expectEqual (test)
           return expectEqualInner(T, expected, actual);
           ^
       /Users/gusto/work/tycho/.wt/glint-g1/src/Runner_test.zig:12:5: 0x102811ceb in check (test)
           try std.testing.expectEqual(expected, report.diagnostics.len);
           ^
       /Users/gusto/work/tycho/.wt/glint-g1/src/Runner_test.zig:203:5: 0x102811e3b in test.compatibility function-pointer parameter labels cannot shadow fields or imports (test)
           try check(.Z027, "const S = struct { context: usize, call: *const fn (context: usize) void, pub fn f(self: S) void { self.call(self.context); } };", 0);
           ^
failed command: ./.zig-cache/o/33f9416abc180e1a8764c75e993ef37b/test --cache-dir=./.zig-cache --seed=0xfcb6762a --listen=-

Build Summary: 5/7 steps succeeded (1 failed); 2/3 tests passed (1 failed)
test transitive failure
+- run test 2 pass, 1 fail (3 total)

