test
+- run test 2 pass, 1 fail (3 total)
error: 'Runner_test.test.compatibility deprecation follows aliases and symbolic returned containers' failed:
       preflight: test seed 2084798329 (reproduce with PREFLIGHT_TEST_SEED=2084798329)
       expected 1, found 0
       Runner_test.test.compatibility deprecation follows aliases and symbolic returned containers: TestExpectedEqual; seed 2084798329
       /Users/gusto/.local/zig/0.17.0/lib/std/testing.zig:93:17: 0x1002e1927 in expectEqualInner__func_1181 (test)
                       return error.TestExpectedEqual;
                       ^
       /Users/gusto/.local/zig/0.17.0/lib/std/testing.zig:57:5: 0x1002e1c63 in expectEqual (test)
           return expectEqualInner(T, expected, actual);
           ^
       /Users/gusto/work/tycho/.wt/glint-g1/src/Runner_test.zig:12:5: 0x1002e1ceb in check (test)
           try std.testing.expectEqual(expected, report.diagnostics.len);
           ^
       /Users/gusto/work/tycho/.wt/glint-g1/src/Runner_test.zig:136:5: 0x1002e1ea3 in test.compatibility deprecation follows aliases and symbolic returned containers (test)
           try check(.Z011, "fn Factory(comptime T: type) type { return struct { value: T,\n /// Deprecated: use fresh.\n pub fn old() void {} }; } const S = Factory(u8); pub fn run() void { S.old(); }", 1);
           ^
failed command: ./.zig-cache/o/224e7b3b30ac427938f6be09a04fbbb7/test --cache-dir=./.zig-cache --seed=0x7c437f79 --listen=-

Build Summary: 5/7 steps succeeded (1 failed); 2/3 tests passed (1 failed)
test transitive failure
+- run test 2 pass, 1 fail (3 total)

