test
+- run test 2 pass, 1 fail (3 total)
error: 'Runner_test.test.compatibility Z010 needs a known literal context and keeps generic explicit types' failed:
       preflight: test seed 2537602831 (reproduce with PREFLIGHT_TEST_SEED=2537602831)
       expected 0, found 1
       Runner_test.test.compatibility Z010 needs a known literal context and keeps generic explicit types: TestExpectedEqual; seed 2537602831
       /Users/gusto/.local/zig/0.17.0/lib/std/testing.zig:93:17: 0x104665927 in expectEqualInner__func_1181 (test)
                       return error.TestExpectedEqual;
                       ^
       /Users/gusto/.local/zig/0.17.0/lib/std/testing.zig:57:5: 0x104665c63 in expectEqual (test)
           return expectEqualInner(T, expected, actual);
           ^
       /Users/gusto/work/tycho/.wt/glint-g1/src/Runner_test.zig:12:5: 0x104665ceb in check (test)
           try std.testing.expectEqual(expected, report.diagnostics.len);
           ^
       /Users/gusto/work/tycho/.wt/glint-g1/src/Runner_test.zig:208:5: 0x104665e3f in test.compatibility Z010 needs a known literal context and keeps generic explicit types (test)
           try check(.Z010, "const S = struct {}; fn g(x: anytype) void { _ = x; } pub fn f() void { g(S{}); }", 0);
           ^
failed command: ./.zig-cache/o/c35542feb1aa154ec140e8a365d871f8/test --cache-dir=./.zig-cache --seed=0x9740bf0f --listen=-

Build Summary: 5/7 steps succeeded (1 failed); 2/3 tests passed (1 failed)
test transitive failure
+- run test 2 pass, 1 fail (3 total)

