test
+- run test 2 pass, 1 fail (3 total)
error: 'cli_test.test.completion lexical resource budget refuses a completed run' failed:
       preflight: test seed 3745975487 (reproduce with PREFLIGHT_TEST_SEED=3745975487)
       
       ====== expected this output: =========
       analysis_incomplete␃
       
       ======== instead found this: =========
       tool_failure␃
       
       ======================================
       First difference occurs on line 1:
       expected:
       analysis_incomplete
       ^ ('\x61')
       found:
       tool_failure
       ^ ('\x74')
       cli_test.test.completion lexical resource budget refuses a completed run: TestExpectedEqual; seed 3745975487
       /Users/gusto/.local/zig/0.17.0/lib/std/testing.zig:696:9: 0x100263073 in expectEqualStrings (test)
               return error.TestExpectedEqual;
               ^
       /Users/gusto/work/tycho/.wt/glint-g1/src/cli_test.zig:70:5: 0x1002636e3 in expectOutcome (test)
           try std.testing.expectEqualStrings(outcome, json.value.object.get("outcome").?.string);
           ^
       /Users/gusto/work/tycho/.wt/glint-g1/src/cli_test.zig:165:5: 0x100263fb3 in test.completion lexical resource budget refuses a completed run (test)
           try expectOutcome(&tmp, "analysis_incomplete");
           ^
failed command: ./.zig-cache/o/c30883788e1be4fc15e82d32d7c10826/test --cache-dir=./.zig-cache --seed=0xdf470cbf --listen=-

Build Summary: 5/7 steps succeeded (1 failed); 2/3 tests passed (1 failed)
test transitive failure
+- run test 2 pass, 1 fail (3 total)

