test
+- run test 2 pass, 1 fail (3 total); 1 leaks
error: 'Runner_test.test.compatibility suppression rejects multiple distinct binding sites' failed:
       preflight: test seed 773382985 (reproduce with PREFLIGHT_TEST_SEED=773382985)
       expected error.AmbiguousSuppression, found .{ .arena = .{ .child_allocator = .{ .ptr = anyopaque@10293ee00, .vtable = .{ ... } }, .state = .{ .used_list = .{ ... }, .free_list = null } }, .diagnostics = {  }, .coverage = { .{ .file = @fromBackingInt(0), .rule = null, .start = 0, .reason = .parsed, .detail = { ... } }, .{ .file = @fromBackingInt(0), .rule = null, .start = 10, .reason = .unresolved, .detail = { ... } }, .{ .file = @fromBackingInt(0), .rule = null, .start = 34, .reason = .unresolved, .detail = { ... } } }, .suppressed = 2, .stale_suppressions = 0, .complete = true }
       Runner_test.test.compatibility suppression rejects multiple distinct binding sites: TestExpectedError; seed 773382985
       /Users/gusto/.local/zig/0.17.0/lib/std/testing.zig:634:9: 0x10263997b in expectError__func_1181 (test)
               return error.TestExpectedError;
               ^
       /Users/gusto/work/tycho/.wt/glint-g1/src/Runner_test.zig:195:5: 0x102639c4b in test.compatibility suppression rejects multiple distinct binding sites (test)
           try std.testing.expectError(error.AmbiguousSuppression, glint.run(std.testing.allocator, &project, .{}));
           ^
       [SafeAllocator] (err): leaked [addr: 10751a0c8, len: 1510 (0x5e6) align: 8] allocated at: 
       /Users/gusto/.local/zig/0.17.0/lib/std/mem/Allocator.zig:147:26: 0x10258488f in rawAlloc (test)
           return a.vtable.alloc(a.ptr, len, alignment, ret_addr);
                                ^
       /Users/gusto/.local/zig/0.17.0/lib/std/Io/Writer.zig:2767:42: 0x1026390f7 in ensureTotalCapacity (test)
               return ensureTotalCapacityPrecise(a, better_capacity);
                                                ^
       /Users/gusto/.local/zig/0.17.0/lib/std/Io/Writer.zig:2760:35: 0x10263900b in ensureUnusedCapacity (test)
               return ensureTotalCapacity(a, new_capacity);
                                         ^
       /Users/gusto/.local/zig/0.17.0/lib/std/Io/Writer.zig:2845:31: 0x102638923 in drain (test)
               a.ensureUnusedCapacity(count + 1) catch return error.WriteFailed;
                                     ^
       /Users/gusto/.local/zig/0.17.0/lib/std/Io/Writer.zig:831:37: 0x1024c7e4b in writeByte (test)
               const n = try w.vtable.drain(w, &.{&.{byte}}, 1);
                                           ^
       /Users/gusto/.local/zig/0.17.0/lib/std/zig/string_literal.zig:351:37: 0x1026436df in parseWrite (test)
                       try writer.writeByte(b);
                                           ^
       /Users/gusto/.local/zig/0.17.0/lib/std/zig/string_literal.zig:363:30: 0x102643203 in parseAlloc (test)
           const result = parseWrite(&aw.writer, bytes) catch |err| switch (err) {
                                    ^
       (additional stack frames may have been skipped...)
       
       preflight: failed test Runner_test.test.compatibility suppression rejects multiple distinct binding sites; seed 773382985
failed command: ./.zig-cache/o/4126d286f1abf1e457a31b7ef61b2403/test --cache-dir=./.zig-cache --seed=0x2e18e349 --listen=-

Build Summary: 5/7 steps succeeded (1 failed); 2/3 tests passed (1 failed)
test transitive failure
+- run test 2 pass, 1 fail (3 total); 1 leaks

