test
+- run test 2 pass, 1 fail (3 total)
error: 'Runner_test.test.compatibility declaration and naming contrasts' failed:
       preflight: test seed 888296667 (reproduce with PREFLIGHT_TEST_SEED=888296667)
       expected 1, found 0
       Runner_test.test.compatibility declaration and naming contrasts: TestExpectedEqual; seed 888296667
       /Users/gusto/.local/zig/0.17.0/lib/std/testing.zig:93:17: 0x1004fd927 in expectEqualInner__func_1181 (test)
                       return error.TestExpectedEqual;
                       ^
       /Users/gusto/.local/zig/0.17.0/lib/std/testing.zig:57:5: 0x1004fdc63 in expectEqual (test)
           return expectEqualInner(T, expected, actual);
           ^
       /Users/gusto/work/tycho/.wt/glint-g1/src/Runner_test.zig:12:5: 0x1004fdceb in check (test)
           try std.testing.expectEqual(expected, report.diagnostics.len);
           ^
       /Users/gusto/work/tycho/.wt/glint-g1/src/Runner_test.zig:79:9: 0x1004fdeff in test.compatibility declaration and naming contrasts (test)
               try check(case.rule, case.bad, 1);
               ^
failed command: ./.zig-cache/o/0d9ad632050768950864cb61fe3be0fc/test --cache-dir=./.zig-cache --seed=0x34f254db --listen=-

Build Summary: 5/7 steps succeeded (1 failed); 2/3 tests passed (1 failed)
test transitive failure
+- run test 2 pass, 1 fail (3 total)

